../Core/Src/main.c:64:6:ADC_init	32	static
../Core/Src/main.c:78:10:Read_ADC	24	static
../Core/Src/main.c:89:6:UART_init	40	static
../Core/Src/main.c:111:6:UART_send_bytes	24	static
../Core/Src/main.c:119:6:UART_send_multy_bytes	24	static
../Core/Src/main.c:148:5:main	8	static
../Core/Src/main.c:232:6:SystemClock_Config	88	static
../Core/Src/main.c:274:13:MX_GPIO_Init	16	static
../Core/Src/main.c:297:6:StartDefaultTask	56	static
../Core/Src/main.c:324:6:read_temp_ss_task	32	static
../Core/Src/main.c:348:6:Error_Handler	4	static,ignoring_inline_asm
